// Jest Snapshot v1, https://goo.gl/fbAQLP

exports[`<ShoppingStoresList  /> should match snapshot 1`] = `
.c2 {
  font-size: 0.875rem;
  display: contents;
}

.c2 * {
  -webkit-scrollbar-width: 0;
  -moz-scrollbar-width: 0;
  -ms-scrollbar-width: 0;
  scrollbar-width: 0;
}

.c2 *::-webkit-scrollbar {
  background-color: #FFFFFF;
  width: 0.5rem;
  border-radius: 0.5rem;
}

.c2 *::-webkit-scrollbar-button {
  display: none;
}

.c2 *::-webkit-scrollbar-thumb {
  background-color: #000000;
  border-radius: 0.5rem;
}

.c2 *::-webkit-scrollbar-track {
  background-color: #FFFFFF;
  border-radius: 0.5rem;
}

.c2 *::-webkit-scrollbar-track:hover {
  background-color: #FFFFFF;
}

.c2 *::-webkit-scrollbar-thumb:hover {
  border: 0.5rem solid black;
}

.c3 {
  border: none;
  max-width: -webkit-fit-content;
  max-width: -moz-fit-content;
  max-width: fit-content;
  max-height: -webkit-fit-content;
  max-height: -moz-fit-content;
  max-height: fit-content;
}

.c4 {
  -webkit-clip: rect(0 0 0 0);
  clip: rect(0 0 0 0);
  -webkit-clip-path: inset(50%);
  clip-path: inset(50%);
  height: 1px;
  overflow: hidden;
  position: absolute;
  white-space: nowrap;
  width: 1px;
}

.c6 {
  border: none;
  padding: 0.25rem;
  position: relative;
  border-radius: 0.25rem;
  cursor: pointer;
  list-style: none;
  padding-right: 2rem;
  padding-bottom: 0.5rem;
  padding-top: 0.5rem;
  color: #1A1A1A;
  background-color: transparent;
}

.c6::after {
  content: '';
  border: solid black;
  border-width: 0 1px 1px 0;
  display: inline-block;
  padding: 0.25rem;
  -webkit-transform: translateY(-50%) rotate(45deg);
  -ms-transform: translateY(-50%) rotate(45deg);
  transform: translateY(-50%) rotate(45deg);
  -webkit-transition-property: -webkit-transform;
  -webkit-transition-property: transform;
  transition-property: transform;
  -webkit-transition-timing-function: ease-in-out;
  transition-timing-function: ease-in-out;
  -webkit-transition-duration: 0.2s;
  transition-duration: 0.2s;
  right: 0;
  top: 40%;
  position: absolute;
}

.c6::-webkit-details-marker {
  display: none;
}

.c5 {
  position: relative;
}

.c5[open] > summary::after {
  -webkit-transform: rotate(225deg);
  -ms-transform: rotate(225deg);
  transform: rotate(225deg);
}

.c8 {
  position: relative;
  cursor: pointer;
}

.c9 {
  visibility: hidden;
  position: absolute;
  -webkit-transition: all 0.2s ease 0s;
  transition: all 0.2s ease 0s;
  background-color: #F7F7F7;
  color: #000000;
}

.c9:checked + span {
  background-color: #000000;
  color: #FFFFFF;
}

.c10 {
  display: block;
  padding: 1rem;
  border-radius: 0.25rem;
  margin: 0.25rem 0;
  -webkit-transition: all 0.2s ease 0s;
  transition: all 0.2s ease 0s;
  background-color: #F7F7F7;
  color: #1A1A1A;
}

.c10:hover {
  background-color: #000000;
  color: #FFFFFF;
}

.c7 {
  position: absolute;
  width: 100%;
  background-color: #F7F7F7;
  border: none;
  padding: 0.25rem;
  overflow-y: auto;
  max-height: 8rem;
  box-shadow: 0 0.2rem 0.5rem rgb(0 0 0 / 10%);
  border-radius: 0.25rem;
  -webkit-animation: llfyzB 0.4s ease-in-out;
  animation: llfyzB 0.4s ease-in-out;
}

.c12 {
  display: -webkit-box;
  display: -webkit-flex;
  display: -ms-flexbox;
  display: flex;
  -webkit-box-pack: justify;
  -webkit-justify-content: space-between;
  -ms-flex-pack: justify;
  justify-content: space-between;
  margin-top: 0.5rem;
  -webkit-align-items: center;
  -webkit-box-align: center;
  -ms-flex-align: center;
  align-items: center;
}

.c13 {
  font-weight: 500;
  font-size: 1.5rem;
  line-height: 1.2rem;
  color: #1A1A1A;
}

.c14 {
  font-weight: 500;
  font-size: 1.125rem;
  color: #1A1A1A;
}

.c15 {
  background-color: transparent;
  font-style: normal;
  font-weight: normal;
  font-size: 1rem;
  line-height: 1.5rem;
  -webkit-text-decoration-line: underline;
  text-decoration-line: underline;
  cursor: pointer;
  outline: none;
  text-align: center;
  -webkit-user-select: none;
  -moz-user-select: none;
  -ms-user-select: none;
  user-select: none;
  display: -webkit-inline-box;
  display: -webkit-inline-flex;
  display: -ms-inline-flexbox;
  display: inline-flex;
  gap: 0.5rem;
  -webkit-box-pack: center;
  -webkit-justify-content: center;
  -ms-flex-pack: center;
  justify-content: center;
  -webkit-align-items: center;
  -webkit-box-align: center;
  -ms-flex-align: center;
  align-items: center;
  border: none;
  color: #1A1A1A;
  margin-top: 0.5rem;
  padding: 0;
}

.c15:focus,
.c15:active {
  outline: none;
}

.c16 {
  background-color: #FFFFFF;
  margin: 1rem 0;
  border-radius: 0.5rem;
  display: -webkit-box;
  display: -webkit-flex;
  display: -ms-flexbox;
  display: flex;
  -webkit-flex-direction: column;
  -ms-flex-direction: column;
  flex-direction: column;
  -webkit-align-items: flex-start;
  -webkit-box-align: flex-start;
  -ms-flex-align: flex-start;
  align-items: flex-start;
  padding: 1.5rem;
  gap: 0.5rem;
}

.c17 {
  font-style: normal;
  font-weight: normal;
  font-size: 0.875rem;
  line-height: 1.5rem;
  color: #737373;
}

.c18 {
  font-style: normal;
  font-weight: bold;
  font-size: 0.75rem;
  line-height: 1.5rem;
  color: #006611;
}

.c0 {
  padding: 1rem;
  border-radius: 0.5rem;
  background-color: #F7F7F7;
}

.c1 {
  display: -webkit-box;
  display: -webkit-flex;
  display: -ms-flexbox;
  display: flex;
  -webkit-box-pack: end;
  -webkit-justify-content: end;
  -ms-flex-pack: end;
  justify-content: end;
}

.c11 {
  display: -webkit-box;
  display: -webkit-flex;
  display: -ms-flexbox;
  display: flex;
  gap: 1rem;
  -webkit-flex-direction: column;
  -ms-flex-direction: column;
  flex-direction: column;
}

<div
  class="c0"
>
  <div
    class="c1"
  >
    <div
      class="c2"
    >
      <fieldset
        class="c3"
      >
        <legend
          class="c4"
        >
          Option #1
        </legend>
        <details
          class="c5"
        >
          <summary
            class="c6"
          >
            Option #1
          </summary>
          <div
            class="c7"
          >
            <label
              class="c8"
            >
              <input
                checked=""
                class="c9"
                name="radio"
                type="radio"
              />
              <span
                class="c10"
              >
                Option #1
              </span>
            </label>
            <label
              class="c8"
            >
              <input
                class="c9"
                name="radio"
                type="radio"
              />
              <span
                class="c10"
              >
                Option #2
              </span>
            </label>
          </div>
        </details>
      </fieldset>
    </div>
  </div>
  <div
    class="c11"
  >
    <div
      class="ShoppingStoreCard__Wrapper-sc-zdqw9n-0"
    >
      <div
        class="c12"
      >
        <span
          class="c13"
        >
          Avenida paulista
        </span>
        <span
          class="c14"
        >
          24km
        </span>
      </div>
      <button
        class="c15"
        type="button"
      >
        <svg>
          pin_location.svg
        </svg>
        components.shoppingStoreCard.seeOnMapLabel
        Ver no mapa
      </button>
      <div
        class="c16"
      >
        <span
          class="c17"
        >
          Avenida Paulista, 1227 - Bela Vista São Paulo - SP, 01311-200
        </span>
        <span
          class="c17"
        >
          components.shoppingStoreCard.service
          Atendimento
          :
          <br />
          Segunda a Sábado 10h às 22h | Domingo 11h às 20h
        </span>
        <span
          class="c18"
        >
          components.shoppingStoreCard.availability
          Disponível em {{count}} dias úteis
        </span>
      </div>
    </div>
    <div
      class="ShoppingStoreCard__Wrapper-sc-zdqw9n-0"
    >
      <div
        class="c12"
      >
        <span
          class="c13"
        >
          Avenida paulista
        </span>
        <span
          class="c14"
        >
          24km
        </span>
      </div>
      <button
        class="c15"
        type="button"
      >
        <svg>
          pin_location.svg
        </svg>
        components.shoppingStoreCard.seeOnMapLabel
        Ver no mapa
      </button>
      <div
        class="c16"
      >
        <span
          class="c17"
        >
          Avenida Paulista, 1227 - Bela Vista São Paulo - SP, 01311-200
        </span>
        <span
          class="c17"
        >
          components.shoppingStoreCard.service
          Atendimento
          :
          <br />
          Segunda a Sábado 10h às 22h | Domingo 11h às 20h
        </span>
        <span
          class="c18"
        >
          components.shoppingStoreCard.availability
          Disponível em {{count}} dias úteis
        </span>
      </div>
    </div>
  </div>
</div>
`;
