// Jest Snapshot v1, https://goo.gl/fbAQLP

exports[`<HomePage /> should render and match the snapshot 1`] = `
<React.Fragment>
  <Helmet
    defer={true}
    encodeSpecialCharacters={true}
  >
    <title>
      homePage.pageTitle
      Home Page
    </title>
    <meta
      content={
        Array [
          "homePage.pageMetaContent",
          "Home Page - Meta Content",
        ]
      }
      name="description"
    />
  </Helmet>
  <Context.Provider
    value={
      Object {
        "setShowModalWrapper": [Function],
        "state": Object {
          "data": Object {},
          "showModalState": false,
        },
      }
    }
  >
    <styles__Wrapper>
      <styles__Main>
        <styles__Title>
          homePage.shoppingStores
          Lojas
        </styles__Title>
        <Memo
          isRounded={true}
          onChange={[Function]}
          placeholder={
            Array [
              "homePage.searchPlaceholder",
              "Busque por endereÃ§o ou CEP",
            ]
          }
          showSearchIcon={true}
          type="search"
        />
      </styles__Main>
      <Unknown />
    </styles__Wrapper>
  </Context.Provider>
</React.Fragment>
`;
