// Jest Snapshot v1, https://goo.gl/fbAQLP

exports[`<HomePage /> should render and match the snapshot 1`] = `
<React.Fragment>
  <Helmet
    defer={true}
    encodeSpecialCharacters={true}
  >
    <title>
      homePage.pageTitle
      Home Page
    </title>
    <meta
      content={
        Array [
          "homePage.pageMetaContent",
          "Home Page - Meta Content",
        ]
      }
      name="description"
    />
  </Helmet>
  <styles__Wrapper>
    <styles__Main>
      <styles__Title>
        homePage.shoppingStores
        Lojas
      </styles__Title>
      <styles__SearchWrapper>
        <styles__SearchInputCustomized
          isRounded={true}
          onChange={[Function]}
          placeholder={
            Array [
              "homePage.searchPlaceholder",
              "Busque por endereÃ§o ou CEP",
            ]
          }
          role="homeSearchInput"
          showSearchIcon={true}
          type="search"
        />
        <Memo
          label={
            Array [
              "homePage.searchButtonLabel",
              "Buscar",
            ]
          }
          onClick={[Function]}
          role="homeSearchButton"
        />
      </styles__SearchWrapper>
    </styles__Main>
    <Unknown />
  </styles__Wrapper>
</React.Fragment>
`;
