// Jest Snapshot v1, https://goo.gl/fbAQLP

exports[`<MapsIframeModal  /> should match snapshot 1`] = `null`;
